Server [localhost]:
Database [postgres]:
Port [5432]:
Username [postgres]:
Password for user postgres:
psql (14.2)
WARNING: Console code page (850) differs from Windows code page (1252)
         8-bit characters might not work correctly. See psql reference
         page "Notes for Windows users" for details.
Type "help" for help.

postgres=# \l
                                                  List of databases
        Name         |  Owner   | Encoding |        Collate         |         Ctype          |   Access privileges
---------------------+----------+----------+------------------------+------------------------+-----------------------
 bd_sistema_bancario | postgres | UTF8     | Portuguese_Brazil.1252 | Portuguese_Brazil.1252 |
 postgres            | postgres | UTF8     | Portuguese_Brazil.1252 | Portuguese_Brazil.1252 |
 template0           | postgres | UTF8     | Portuguese_Brazil.1252 | Portuguese_Brazil.1252 | =c/postgres          +
                     |          |          |                        |                        | postgres=CTc/postgres
 template1           | postgres | UTF8     | Portuguese_Brazil.1252 | Portuguese_Brazil.1252 | =c/postgres          +
                     |          |          |                        |                        | postgres=CTc/postgres
(4 rows)


postgres=# \c bd_sistema_bancario
You are now connected to database "bd_sistema_bancario" as user "postgres".
bd_sistema_bancario=# \dt
         List of relations
 Schema | Name  | Type  |  Owner
--------+-------+-------+----------
 public | teste | table | postgres
(1 row)


bd_sistema_bancario=# create table cliente (nome_cliente varchar(20), cidade_cliente varchar(20), endereco_cliente(20));
ERROR:  syntax error at or near "("
LINE 1: ...char(20), cidade_cliente varchar(20), endereco_cliente(20));
                                                                 ^
bd_sistema_bancario=# create table cliente (nome_cliente varchar(20), cidade_cliente varchar(20), endereco_cliente varchar(20));
CREATE TABLE
bd_sistema_bancario=# \dt
          List of relations
 Schema |  Name   | Type  |  Owner
--------+---------+-------+----------
 public | cliente | table | postgres
 public | teste   | table | postgres
(2 rows)


bd_sistema_bancario=# create table conta (numero_conta integer, nome_agencia varchar(20), saldo varchar(20));
CREATE TABLE
bd_sistema_bancario=# create table conta (numero_conta integer, nome_agencia varchar(20), saldo float);
ERROR:  relation "conta" already exists
bd_sistema_bancario=# drop table conta
bd_sistema_bancario-# create table conta (numero_conta integer, nome_agencia varchar(20), saldo float);
ERROR:  syntax error at or near "create"
LINE 2: create table conta (numero_conta integer, nome_agencia varch...
        ^
bd_sistema_bancario=# create table conta (numero_conta integer, nome_agencia varchar(20), saldo float);
ERROR:  relation "conta" already exists
bd_sistema_bancario=# drop table conta;
DROP TABLE
bd_sistema_bancario=# create table conta (numero_conta integer, nome_agencia varchar(20), saldo float);
CREATE TABLE
bd_sistema_bancario=# \dt
          List of relations
 Schema |  Name   | Type  |  Owner
--------+---------+-------+----------
 public | cliente | table | postgres
 public | conta   | table | postgres
 public | teste   | table | postgres
(3 rows)


bd_sistema_bancario=#